  Determining projects to restore...
  Todos los proyectos est├ín actualizados para la restauraci├│n.
  ScrapSAE.Core -> C:\Proyectos\ScrapSAE\src\ScrapSAE.Core\bin\Debug\net8.0\ScrapSAE.Core.dll
  ScrapSAE.Infrastructure -> C:\Proyectos\ScrapSAE\src\ScrapSAE.Infrastructure\bin\Debug\net8.0\ScrapSAE.Infrastructure.dll
C:\Proyectos\ScrapSAE\src\ScrapSAE.Api\Services\PostExecutionAnalyzerService.cs(217,21): error CS0117: 'SelectorAnalysisRequest' no contiene una definici├│n para 'SiteId' [C:\Proyectos\ScrapSAE\src\ScrapSAE.Api\ScrapSAE.Api.csproj]
C:\Proyectos\ScrapSAE\src\ScrapSAE.Api\Services\PostExecutionAnalyzerService.cs(218,21): error CS0117: 'SelectorAnalysisRequest' no contiene una definici├│n para 'CurrentSelector' [C:\Proyectos\ScrapSAE\src\ScrapSAE.Api\ScrapSAE.Api.csproj]
C:\Proyectos\ScrapSAE\src\ScrapSAE.Api\Services\PostExecutionAnalyzerService.cs(219,21): error CS0117: 'SelectorAnalysisRequest' no contiene una definici├│n para 'Context' [C:\Proyectos\ScrapSAE\src\ScrapSAE.Api\ScrapSAE.Api.csproj]
C:\Proyectos\ScrapSAE\src\ScrapSAE.Api\Services\PostExecutionAnalyzerService.cs(224,30): error CS1061: "SelectorSuggestion" no contiene una definici├│n para "Suggestions" ni un m├®todo de extensi├│n accesible "Suggestions" que acepte un primer argumento del tipo "SelectorSuggestion" (┬┐falta alguna directiva using o una referencia de ensamblado?) [C:\Proyectos\ScrapSAE\src\ScrapSAE.Api\ScrapSAE.Api.csproj]
C:\Proyectos\ScrapSAE\src\ScrapSAE.Api\Services\PostExecutionAnalyzerService.cs(229,48): error CS1061: "SelectorSuggestion" no contiene una definici├│n para "Analysis" ni un m├®todo de extensi├│n accesible "Analysis" que acepte un primer argumento del tipo "SelectorSuggestion" (┬┐falta alguna directiva using o una referencia de ensamblado?) [C:\Proyectos\ScrapSAE\src\ScrapSAE.Api\ScrapSAE.Api.csproj]
C:\Proyectos\ScrapSAE\src\ScrapSAE.Api\Services\PostExecutionAnalyzerService.cs(232,51): error CS1061: "SelectorSuggestion" no contiene una definici├│n para "Suggestions" ni un m├®todo de extensi├│n accesible "Suggestions" que acepte un primer argumento del tipo "SelectorSuggestion" (┬┐falta alguna directiva using o una referencia de ensamblado?) [C:\Proyectos\ScrapSAE\src\ScrapSAE.Api\ScrapSAE.Api.csproj]

ERROR al compilar.

C:\Proyectos\ScrapSAE\src\ScrapSAE.Api\Services\PostExecutionAnalyzerService.cs(217,21): error CS0117: 'SelectorAnalysisRequest' no contiene una definici├│n para 'SiteId' [C:\Proyectos\ScrapSAE\src\ScrapSAE.Api\ScrapSAE.Api.csproj]
C:\Proyectos\ScrapSAE\src\ScrapSAE.Api\Services\PostExecutionAnalyzerService.cs(218,21): error CS0117: 'SelectorAnalysisRequest' no contiene una definici├│n para 'CurrentSelector' [C:\Proyectos\ScrapSAE\src\ScrapSAE.Api\ScrapSAE.Api.csproj]
C:\Proyectos\ScrapSAE\src\ScrapSAE.Api\Services\PostExecutionAnalyzerService.cs(219,21): error CS0117: 'SelectorAnalysisRequest' no contiene una definici├│n para 'Context' [C:\Proyectos\ScrapSAE\src\ScrapSAE.Api\ScrapSAE.Api.csproj]
C:\Proyectos\ScrapSAE\src\ScrapSAE.Api\Services\PostExecutionAnalyzerService.cs(224,30): error CS1061: "SelectorSuggestion" no contiene una definici├│n para "Suggestions" ni un m├®todo de extensi├│n accesible "Suggestions" que acepte un primer argumento del tipo "SelectorSuggestion" (┬┐falta alguna directiva using o una referencia de ensamblado?) [C:\Proyectos\ScrapSAE\src\ScrapSAE.Api\ScrapSAE.Api.csproj]
C:\Proyectos\ScrapSAE\src\ScrapSAE.Api\Services\PostExecutionAnalyzerService.cs(229,48): error CS1061: "SelectorSuggestion" no contiene una definici├│n para "Analysis" ni un m├®todo de extensi├│n accesible "Analysis" que acepte un primer argumento del tipo "SelectorSuggestion" (┬┐falta alguna directiva using o una referencia de ensamblado?) [C:\Proyectos\ScrapSAE\src\ScrapSAE.Api\ScrapSAE.Api.csproj]
C:\Proyectos\ScrapSAE\src\ScrapSAE.Api\Services\PostExecutionAnalyzerService.cs(232,51): error CS1061: "SelectorSuggestion" no contiene una definici├│n para "Suggestions" ni un m├®todo de extensi├│n accesible "Suggestions" que acepte un primer argumento del tipo "SelectorSuggestion" (┬┐falta alguna directiva using o una referencia de ensamblado?) [C:\Proyectos\ScrapSAE\src\ScrapSAE.Api\ScrapSAE.Api.csproj]
    0 Advertencia(s)
    6 Errores

Tiempo transcurrido 00:00:01.37
