  Determining projects to restore...
  Todos los proyectos est├ín actualizados para la restauraci├│n.
  ScrapSAE.Core -> C:\Proyectos\ScrapSAE\src\ScrapSAE.Core\bin\Debug\net8.0\ScrapSAE.Core.dll
C:\Proyectos\ScrapSAE\src\ScrapSAE.Infrastructure\Scraping\PlaywrightScrapingService.cs(4564,24): error CS0111: El tipo 'PlaywrightScrapingService' ya define un miembro denominado 'DisposeAsync' con los mismos tipos de par├ímetro [C:\Proyectos\ScrapSAE\src\ScrapSAE.Infrastructure\ScrapSAE.Infrastructure.csproj]

ERROR al compilar.

C:\Proyectos\ScrapSAE\src\ScrapSAE.Infrastructure\Scraping\PlaywrightScrapingService.cs(4564,24): error CS0111: El tipo 'PlaywrightScrapingService' ya define un miembro denominado 'DisposeAsync' con los mismos tipos de par├ímetro [C:\Proyectos\ScrapSAE\src\ScrapSAE.Infrastructure\ScrapSAE.Infrastructure.csproj]
    0 Advertencia(s)
    1 Errores

Tiempo transcurrido 00:00:01.47
